{"synthetic": false,
 "schemaVersion": "2025-09-10",
 "outputs":
 {"o": ["93f10fafcf51dbc6.olean"],
  "m": false,
  "i": "c3450b4c78a58449.ilean",
  "c": "5a04aea3c36e990e.c"},
 "log":
 [{"message":
   ".> LEAN_PATH=/home/dan/lean-perovskite/.lake/packages/Cli/.lake/build/lib/lean:/home/dan/lean-perovskite/.lake/packages/batteries/.lake/build/lib/lean:/home/dan/lean-perovskite/.lake/packages/Qq/.lake/build/lib/lean:/home/dan/lean-perovskite/.lake/packages/aesop/.lake/build/lib/lean:/home/dan/lean-perovskite/.lake/packages/proofwidgets/.lake/build/lib/lean:/home/dan/lean-perovskite/.lake/packages/importGraph/.lake/build/lib/lean:/home/dan/lean-perovskite/.lake/packages/LeanSearchClient/.lake/build/lib/lean:/home/dan/lean-perovskite/.lake/packages/plausible/.lake/build/lib/lean:/home/dan/lean-perovskite/.lake/packages/mathlib/.lake/build/lib/lean:/home/dan/lean-perovskite/.lake/build/lib/lean /home/dan/.elan/toolchains/leanprover--lean4---v4.34.0-rc2/bin/lean /home/dan/lean-perovskite/LeanPerovskite/Basic.lean -o /home/dan/lean-perovskite/.lake/build/lib/lean/LeanPerovskite/Basic.olean -i /home/dan/lean-perovskite/.lake/build/lib/lean/LeanPerovskite/Basic.ilean -c /home/dan/lean-perovskite/.lake/build/ir/LeanPerovskite/Basic.c --setup /home/dan/lean-perovskite/.lake/build/ir/LeanPerovskite/Basic.setup.json --json",
   "level": "trace"}],
 "inputs":
 [["deps",
   [["«lean-perovskite»/LeanPerovskite:extraDep",
     [["@«lean-perovskite»:extraDep", "00000000000006bb"]]],
    ["imports",
     [["Mathlib transitive imports (legacy)", "8553ddab9a05a11b"],
      ["Mathlib:importAllArts", "5a4ff721b346a832"]]]]],
  ["libs",
   [["import dynlibs", "00000000000006bb"],
    ["package external libraries", "00000000000006bb"],
    ["module dynlibs", "00000000000006bb"],
    ["module plugins", "00000000000006bb"]]],
  ["Lean 4.34.0, commit 6a10ac8c22beadecabdbb0919c2b50214762f91d",
   "365244c167ac8c1d"],
  ["/home/dan/lean-perovskite/LeanPerovskite/Basic.lean", "5d4e9c2655aa0903"],
  ["options", "00000000000006bb"],
  ["isModule: false", "feefd2a0d3a1847e"],
  ["Module.name: LeanPerovskite.Basic", "bae81fe34d4daa5c"],
  ["Package.id?: (some lean-perovskite)", "5b992dcd717071bb"],
  ["Module.leanArgs: #[]", "00000000000006bb"]],
 "depHash": "1f0e911a71493472"}